0 verbose cli C:\Program Files\nodejs\node.exe C:\Program Files\nodejs\node_modules\npm\bin\npm-cli.js
1 info using npm@11.12.1
2 info using node@v24.15.0
3 silly config load:file:C:\Program Files\nodejs\node_modules\npm\npmrc
4 silly config load:file:D:\Website\ekosysSolar\.npmrc
5 silly config load:file:C:\Users\raush\.npmrc
6 silly config load:file:C:\Users\raush\AppData\Roaming\npm\etc\npmrc
7 verbose title npm install
8 verbose argv "install" "--cache" ".npm-cache"
9 verbose logfile logs-max:10 dir:D:\Website\ekosysSolar\.npm-cache\_logs\2026-08-30T04_02_23_334Z-
10 verbose logfile D:\Website\ekosysSolar\.npm-cache\_logs\2026-08-30T04_02_23_334Z-debug-0.log
11 silly logfile done cleaning log files
12 silly packumentCache heap:2348810240 maxSize:587202560 maxEntrySize:293601280
13 silly idealTree buildDeps
14 silly fetch manifest fsevents@~2.3.2
15 silly packumentCache full:https://registry.npmjs.org/fsevents cache-miss
16 http fetch GET 200 https://registry.npmjs.org/npm 2111ms
17 http fetch GET 200 https://registry.npmjs.org/fsevents 410ms (cache miss)
18 silly packumentCache full:https://registry.npmjs.org/fsevents set size:undefined disposed:false
19 silly placeDep ROOT fsevents@2.3.3 OK for: chokidar@3.6.0 want: ~2.3.2
20 silly fetch manifest @next/swc-darwin-arm64@15.5.24
21 silly packumentCache full:https://registry.npmjs.org/@next%2fswc-darwin-arm64 cache-miss
22 http fetch GET 200 https://registry.npmjs.org/@next%2fswc-darwin-arm64 1935ms (cache miss)
23 silly packumentCache full:https://registry.npmjs.org/@next%2fswc-darwin-arm64 set size:undefined disposed:false
24 silly fetch manifest @next/swc-darwin-x64@15.5.24
25 silly packumentCache full:https://registry.npmjs.org/@next%2fswc-darwin-x64 cache-miss
26 http fetch GET 200 https://registry.npmjs.org/@next%2fswc-darwin-x64 1292ms (cache miss)
27 silly packumentCache full:https://registry.npmjs.org/@next%2fswc-darwin-x64 set size:undefined disposed:false
28 silly fetch manifest @next/swc-linux-arm64-gnu@15.5.24
29 silly packumentCache full:https://registry.npmjs.org/@next%2fswc-linux-arm64-gnu cache-miss
30 http fetch GET 200 https://registry.npmjs.org/@next%2fswc-linux-arm64-gnu 929ms (cache miss)
31 silly packumentCache full:https://registry.npmjs.org/@next%2fswc-linux-arm64-gnu set size:undefined disposed:false
32 silly fetch manifest @next/swc-linux-arm64-musl@15.5.24
33 silly packumentCache full:https://registry.npmjs.org/@next%2fswc-linux-arm64-musl cache-miss
34 http fetch GET 200 https://registry.npmjs.org/@next%2fswc-linux-arm64-musl 1049ms (cache miss)
35 silly packumentCache full:https://registry.npmjs.org/@next%2fswc-linux-arm64-musl set size:undefined disposed:false
36 silly fetch manifest @next/swc-linux-x64-gnu@15.5.24
37 silly packumentCache full:https://registry.npmjs.org/@next%2fswc-linux-x64-gnu cache-miss
38 http fetch GET 200 https://registry.npmjs.org/@next%2fswc-linux-x64-gnu 1194ms (cache miss)
39 silly packumentCache full:https://registry.npmjs.org/@next%2fswc-linux-x64-gnu set size:undefined disposed:false
40 silly fetch manifest @next/swc-linux-x64-musl@15.5.24
41 silly packumentCache full:https://registry.npmjs.org/@next%2fswc-linux-x64-musl cache-miss
42 http fetch GET 200 https://registry.npmjs.org/@next%2fswc-linux-x64-musl 870ms (cache miss)
43 silly packumentCache full:https://registry.npmjs.org/@next%2fswc-linux-x64-musl set size:undefined disposed:false
44 silly fetch manifest @next/swc-win32-arm64-msvc@15.5.24
45 silly packumentCache full:https://registry.npmjs.org/@next%2fswc-win32-arm64-msvc cache-miss
46 http fetch GET 200 https://registry.npmjs.org/@next%2fswc-win32-arm64-msvc 1583ms (cache miss)
47 silly packumentCache full:https://registry.npmjs.org/@next%2fswc-win32-arm64-msvc set size:undefined disposed:false
48 silly placeDep ROOT @next/swc-darwin-arm64@15.5.24 OK for: next@15.5.24 want: 15.5.24
49 silly placeDep ROOT @next/swc-darwin-x64@15.5.24 OK for: next@15.5.24 want: 15.5.24
50 silly placeDep ROOT @next/swc-linux-arm64-gnu@15.5.24 OK for: next@15.5.24 want: 15.5.24
51 silly placeDep ROOT @next/swc-linux-arm64-musl@15.5.24 OK for: next@15.5.24 want: 15.5.24
52 silly placeDep ROOT @next/swc-linux-x64-gnu@15.5.24 OK for: next@15.5.24 want: 15.5.24
53 silly placeDep ROOT @next/swc-linux-x64-musl@15.5.24 OK for: next@15.5.24 want: 15.5.24
54 silly placeDep ROOT @next/swc-win32-arm64-msvc@15.5.24 OK for: next@15.5.24 want: 15.5.24
55 silly fetch manifest @img/sharp-darwin-arm64@0.35.4
56 silly packumentCache full:https://registry.npmjs.org/@img%2fsharp-darwin-arm64 cache-miss
57 http fetch GET 200 https://registry.npmjs.org/@img%2fsharp-darwin-arm64 217ms (cache miss)
58 silly packumentCache full:https://registry.npmjs.org/@img%2fsharp-darwin-arm64 set size:undefined disposed:false
59 silly fetch manifest @img/sharp-darwin-x64@0.35.4
60 silly packumentCache full:https://registry.npmjs.org/@img%2fsharp-darwin-x64 cache-miss
61 http fetch GET 200 https://registry.npmjs.org/@img%2fsharp-darwin-x64 295ms (cache miss)
62 silly packumentCache full:https://registry.npmjs.org/@img%2fsharp-darwin-x64 set size:undefined disposed:false
63 silly fetch manifest @img/sharp-freebsd-wasm32@0.35.4
64 silly packumentCache full:https://registry.npmjs.org/@img%2fsharp-freebsd-wasm32 cache-miss
65 http fetch GET 200 https://registry.npmjs.org/@img%2fsharp-freebsd-wasm32 578ms (cache miss)
66 silly packumentCache full:https://registry.npmjs.org/@img%2fsharp-freebsd-wasm32 set size:undefined disposed:false
67 silly fetch manifest @img/sharp-libvips-darwin-arm64@1.3.3
68 silly packumentCache full:https://registry.npmjs.org/@img%2fsharp-libvips-darwin-arm64 cache-miss
69 http fetch GET 200 https://registry.npmjs.org/@img%2fsharp-libvips-darwin-arm64 91ms (cache miss)
70 silly packumentCache full:https://registry.npmjs.org/@img%2fsharp-libvips-darwin-arm64 set size:undefined disposed:false
71 silly fetch manifest @img/sharp-libvips-darwin-x64@1.3.3
72 silly packumentCache full:https://registry.npmjs.org/@img%2fsharp-libvips-darwin-x64 cache-miss
73 http fetch GET 200 https://registry.npmjs.org/@img%2fsharp-libvips-darwin-x64 192ms (cache miss)
74 silly packumentCache full:https://registry.npmjs.org/@img%2fsharp-libvips-darwin-x64 set size:undefined disposed:false
75 silly fetch manifest @img/sharp-libvips-linux-arm@1.3.3
76 silly packumentCache full:https://registry.npmjs.org/@img%2fsharp-libvips-linux-arm cache-miss
77 http fetch GET 200 https://registry.npmjs.org/@img%2fsharp-libvips-linux-arm 92ms (cache miss)
78 silly packumentCache full:https://registry.npmjs.org/@img%2fsharp-libvips-linux-arm set size:undefined disposed:false
79 silly fetch manifest @img/sharp-libvips-linux-arm64@1.3.3
80 silly packumentCache full:https://registry.npmjs.org/@img%2fsharp-libvips-linux-arm64 cache-miss
81 http fetch GET 200 https://registry.npmjs.org/@img%2fsharp-libvips-linux-arm64 99ms (cache miss)
82 silly packumentCache full:https://registry.npmjs.org/@img%2fsharp-libvips-linux-arm64 set size:undefined disposed:false
83 silly fetch manifest @img/sharp-libvips-linux-ppc64@1.3.3
84 silly packumentCache full:https://registry.npmjs.org/@img%2fsharp-libvips-linux-ppc64 cache-miss
85 http fetch GET 200 https://registry.npmjs.org/@img%2fsharp-libvips-linux-ppc64 93ms (cache miss)
86 silly packumentCache full:https://registry.npmjs.org/@img%2fsharp-libvips-linux-ppc64 set size:undefined disposed:false
87 silly fetch manifest @img/sharp-libvips-linux-riscv64@1.3.3
88 silly packumentCache full:https://registry.npmjs.org/@img%2fsharp-libvips-linux-riscv64 cache-miss
89 http fetch GET 200 https://registry.npmjs.org/@img%2fsharp-libvips-linux-riscv64 613ms (cache miss)
90 silly packumentCache full:https://registry.npmjs.org/@img%2fsharp-libvips-linux-riscv64 set size:undefined disposed:false
91 silly fetch manifest @img/sharp-libvips-linux-s390x@1.3.3
92 silly packumentCache full:https://registry.npmjs.org/@img%2fsharp-libvips-linux-s390x cache-miss
93 http fetch GET 200 https://registry.npmjs.org/@img%2fsharp-libvips-linux-s390x 484ms (cache miss)
94 silly packumentCache full:https://registry.npmjs.org/@img%2fsharp-libvips-linux-s390x set size:undefined disposed:false
95 silly fetch manifest @img/sharp-libvips-linux-x64@1.3.3
96 silly packumentCache full:https://registry.npmjs.org/@img%2fsharp-libvips-linux-x64 cache-miss
97 http fetch GET 200 https://registry.npmjs.org/@img%2fsharp-libvips-linux-x64 97ms (cache miss)
98 silly packumentCache full:https://registry.npmjs.org/@img%2fsharp-libvips-linux-x64 set size:undefined disposed:false
99 silly fetch manifest @img/sharp-libvips-linuxmusl-arm64@1.3.3
100 silly packumentCache full:https://registry.npmjs.org/@img%2fsharp-libvips-linuxmusl-arm64 cache-miss
101 http fetch GET 200 https://registry.npmjs.org/@img%2fsharp-libvips-linuxmusl-arm64 95ms (cache miss)
102 silly packumentCache full:https://registry.npmjs.org/@img%2fsharp-libvips-linuxmusl-arm64 set size:undefined disposed:false
103 silly fetch manifest @img/sharp-libvips-linuxmusl-x64@1.3.3
104 silly packumentCache full:https://registry.npmjs.org/@img%2fsharp-libvips-linuxmusl-x64 cache-miss
105 http fetch GET 200 https://registry.npmjs.org/@img%2fsharp-libvips-linuxmusl-x64 90ms (cache miss)
106 silly packumentCache full:https://registry.npmjs.org/@img%2fsharp-libvips-linuxmusl-x64 set size:undefined disposed:false
107 silly fetch manifest @img/sharp-linux-arm@0.35.4
108 silly packumentCache full:https://registry.npmjs.org/@img%2fsharp-linux-arm cache-miss
109 http fetch GET 200 https://registry.npmjs.org/@img%2fsharp-linux-arm 318ms (cache miss)
110 silly packumentCache full:https://registry.npmjs.org/@img%2fsharp-linux-arm set size:undefined disposed:false
111 silly fetch manifest @img/sharp-linux-arm64@0.35.4
112 silly packumentCache full:https://registry.npmjs.org/@img%2fsharp-linux-arm64 cache-miss
113 http fetch GET 200 https://registry.npmjs.org/@img%2fsharp-linux-arm64 338ms (cache miss)
114 silly packumentCache full:https://registry.npmjs.org/@img%2fsharp-linux-arm64 set size:undefined disposed:false
115 silly fetch manifest @img/sharp-linux-ppc64@0.35.4
116 silly packumentCache full:https://registry.npmjs.org/@img%2fsharp-linux-ppc64 cache-miss
117 http fetch GET 200 https://registry.npmjs.org/@img%2fsharp-linux-ppc64 634ms (cache miss)
118 silly packumentCache full:https://registry.npmjs.org/@img%2fsharp-linux-ppc64 set size:undefined disposed:false
119 silly fetch manifest @img/sharp-linux-riscv64@0.35.4
120 silly packumentCache full:https://registry.npmjs.org/@img%2fsharp-linux-riscv64 cache-miss
121 http fetch GET 200 https://registry.npmjs.org/@img%2fsharp-linux-riscv64 365ms (cache miss)
122 silly packumentCache full:https://registry.npmjs.org/@img%2fsharp-linux-riscv64 set size:undefined disposed:false
123 silly fetch manifest @img/sharp-linux-s390x@0.35.4
124 silly packumentCache full:https://registry.npmjs.org/@img%2fsharp-linux-s390x cache-miss
125 http fetch GET 200 https://registry.npmjs.org/@img%2fsharp-linux-s390x 578ms (cache miss)
126 silly packumentCache full:https://registry.npmjs.org/@img%2fsharp-linux-s390x set size:undefined disposed:false
127 silly fetch manifest @img/sharp-linux-x64@0.35.4
128 silly packumentCache full:https://registry.npmjs.org/@img%2fsharp-linux-x64 cache-miss
129 http fetch GET 200 https://registry.npmjs.org/@img%2fsharp-linux-x64 731ms (cache miss)
130 silly packumentCache full:https://registry.npmjs.org/@img%2fsharp-linux-x64 set size:undefined disposed:false
131 silly fetch manifest @img/sharp-linuxmusl-arm64@0.35.4
132 silly packumentCache full:https://registry.npmjs.org/@img%2fsharp-linuxmusl-arm64 cache-miss
133 http fetch GET 200 https://registry.npmjs.org/@img%2fsharp-linuxmusl-arm64 2600ms (cache miss)
134 silly packumentCache full:https://registry.npmjs.org/@img%2fsharp-linuxmusl-arm64 set size:undefined disposed:false
135 silly fetch manifest @img/sharp-linuxmusl-x64@0.35.4
136 silly packumentCache full:https://registry.npmjs.org/@img%2fsharp-linuxmusl-x64 cache-miss
137 http fetch GET 200 https://registry.npmjs.org/@img%2fsharp-linuxmusl-x64 334ms (cache miss)
138 silly packumentCache full:https://registry.npmjs.org/@img%2fsharp-linuxmusl-x64 set size:undefined disposed:false
139 silly fetch manifest @img/sharp-webcontainers-wasm32@0.35.4
140 silly packumentCache full:https://registry.npmjs.org/@img%2fsharp-webcontainers-wasm32 cache-miss
141 http fetch GET 200 https://registry.npmjs.org/@img%2fsharp-webcontainers-wasm32 848ms (cache miss)
142 silly packumentCache full:https://registry.npmjs.org/@img%2fsharp-webcontainers-wasm32 set size:undefined disposed:false
143 silly fetch manifest @img/sharp-win32-arm64@0.35.4
144 silly packumentCache full:https://registry.npmjs.org/@img%2fsharp-win32-arm64 cache-miss
145 http fetch GET 200 https://registry.npmjs.org/@img%2fsharp-win32-arm64 99ms (cache miss)
146 silly packumentCache full:https://registry.npmjs.org/@img%2fsharp-win32-arm64 set size:undefined disposed:false
147 silly fetch manifest @img/sharp-win32-ia32@0.35.4
148 silly packumentCache full:https://registry.npmjs.org/@img%2fsharp-win32-ia32 cache-miss
149 http fetch GET 200 https://registry.npmjs.org/@img%2fsharp-win32-ia32 764ms (cache miss)
150 silly packumentCache full:https://registry.npmjs.org/@img%2fsharp-win32-ia32 set size:undefined disposed:false
151 silly placeDep ROOT @img/sharp-darwin-arm64@0.35.4 OK for: sharp@0.35.4 want: 0.35.4
152 silly placeDep ROOT @img/sharp-darwin-x64@0.35.4 OK for: sharp@0.35.4 want: 0.35.4
153 silly placeDep ROOT @img/sharp-freebsd-wasm32@0.35.4 OK for: sharp@0.35.4 want: 0.35.4
154 silly placeDep ROOT @img/sharp-libvips-darwin-arm64@1.3.3 OK for: sharp@0.35.4 want: 1.3.3
155 silly placeDep ROOT @img/sharp-libvips-darwin-x64@1.3.3 OK for: sharp@0.35.4 want: 1.3.3
156 silly placeDep ROOT @img/sharp-libvips-linux-arm@1.3.3 OK for: sharp@0.35.4 want: 1.3.3
157 silly placeDep ROOT @img/sharp-libvips-linux-arm64@1.3.3 OK for: sharp@0.35.4 want: 1.3.3
158 silly placeDep ROOT @img/sharp-libvips-linux-ppc64@1.3.3 OK for: sharp@0.35.4 want: 1.3.3
159 silly placeDep ROOT @img/sharp-libvips-linux-riscv64@1.3.3 OK for: sharp@0.35.4 want: 1.3.3
160 silly placeDep ROOT @img/sharp-libvips-linux-s390x@1.3.3 OK for: sharp@0.35.4 want: 1.3.3
161 silly placeDep ROOT @img/sharp-libvips-linux-x64@1.3.3 OK for: sharp@0.35.4 want: 1.3.3
162 silly placeDep ROOT @img/sharp-libvips-linuxmusl-arm64@1.3.3 OK for: sharp@0.35.4 want: 1.3.3
163 silly placeDep ROOT @img/sharp-libvips-linuxmusl-x64@1.3.3 OK for: sharp@0.35.4 want: 1.3.3
164 silly placeDep ROOT @img/sharp-linux-arm@0.35.4 OK for: sharp@0.35.4 want: 0.35.4
165 silly placeDep ROOT @img/sharp-linux-arm64@0.35.4 OK for: sharp@0.35.4 want: 0.35.4
166 silly placeDep ROOT @img/sharp-linux-ppc64@0.35.4 OK for: sharp@0.35.4 want: 0.35.4
167 silly placeDep ROOT @img/sharp-linux-riscv64@0.35.4 OK for: sharp@0.35.4 want: 0.35.4
168 silly placeDep ROOT @img/sharp-linux-s390x@0.35.4 OK for: sharp@0.35.4 want: 0.35.4
169 silly placeDep ROOT @img/sharp-linux-x64@0.35.4 OK for: sharp@0.35.4 want: 0.35.4
170 silly placeDep ROOT @img/sharp-linuxmusl-arm64@0.35.4 OK for: sharp@0.35.4 want: 0.35.4
171 silly placeDep ROOT @img/sharp-linuxmusl-x64@0.35.4 OK for: sharp@0.35.4 want: 0.35.4
172 silly placeDep ROOT @img/sharp-webcontainers-wasm32@0.35.4 OK for: sharp@0.35.4 want: 0.35.4
173 silly placeDep ROOT @img/sharp-win32-arm64@0.35.4 OK for: sharp@0.35.4 want: 0.35.4
174 silly placeDep ROOT @img/sharp-win32-ia32@0.35.4 OK for: sharp@0.35.4 want: 0.35.4
175 silly fetch manifest @unrs/resolver-binding-darwin-arm64@1.12.2
176 silly packumentCache full:https://registry.npmjs.org/@unrs%2fresolver-binding-darwin-arm64 cache-miss
177 http fetch GET 200 https://registry.npmjs.org/@unrs%2fresolver-binding-darwin-arm64 672ms (cache miss)
178 silly packumentCache full:https://registry.npmjs.org/@unrs%2fresolver-binding-darwin-arm64 set size:undefined disposed:false
179 silly fetch manifest @unrs/resolver-binding-android-arm64@1.12.2
180 silly packumentCache full:https://registry.npmjs.org/@unrs%2fresolver-binding-android-arm64 cache-miss
181 http fetch GET 200 https://registry.npmjs.org/@unrs%2fresolver-binding-android-arm64 631ms (cache miss)
182 silly packumentCache full:https://registry.npmjs.org/@unrs%2fresolver-binding-android-arm64 set size:undefined disposed:false
183 silly fetch manifest @unrs/resolver-binding-win32-arm64-msvc@1.12.2
184 silly packumentCache full:https://registry.npmjs.org/@unrs%2fresolver-binding-win32-arm64-msvc cache-miss
185 http fetch GET 200 https://registry.npmjs.org/@unrs%2fresolver-binding-win32-arm64-msvc 719ms (cache miss)
186 silly packumentCache full:https://registry.npmjs.org/@unrs%2fresolver-binding-win32-arm64-msvc set size:undefined disposed:false
187 silly fetch manifest @unrs/resolver-binding-linux-arm64-gnu@1.12.2
188 silly packumentCache full:https://registry.npmjs.org/@unrs%2fresolver-binding-linux-arm64-gnu cache-miss
189 http fetch GET 200 https://registry.npmjs.org/@unrs%2fresolver-binding-linux-arm64-gnu 572ms (cache miss)
190 silly packumentCache full:https://registry.npmjs.org/@unrs%2fresolver-binding-linux-arm64-gnu set size:undefined disposed:false
191 silly fetch manifest @unrs/resolver-binding-linux-arm64-musl@1.12.2
192 silly packumentCache full:https://registry.npmjs.org/@unrs%2fresolver-binding-linux-arm64-musl cache-miss
193 http fetch GET 200 https://registry.npmjs.org/@unrs%2fresolver-binding-linux-arm64-musl 280ms (cache miss)
194 silly packumentCache full:https://registry.npmjs.org/@unrs%2fresolver-binding-linux-arm64-musl set size:undefined disposed:false
195 silly fetch manifest @unrs/resolver-binding-openharmony-arm64@1.12.2
196 silly packumentCache full:https://registry.npmjs.org/@unrs%2fresolver-binding-openharmony-arm64 cache-miss
197 http fetch GET 200 https://registry.npmjs.org/@unrs%2fresolver-binding-openharmony-arm64 897ms (cache miss)
198 silly packumentCache full:https://registry.npmjs.org/@unrs%2fresolver-binding-openharmony-arm64 set size:undefined disposed:false
199 silly fetch manifest @unrs/resolver-binding-android-arm-eabi@1.12.2
200 silly packumentCache full:https://registry.npmjs.org/@unrs%2fresolver-binding-android-arm-eabi cache-miss
201 http fetch GET 200 https://registry.npmjs.org/@unrs%2fresolver-binding-android-arm-eabi 601ms (cache miss)
202 silly packumentCache full:https://registry.npmjs.org/@unrs%2fresolver-binding-android-arm-eabi set size:undefined disposed:false
203 silly fetch manifest @unrs/resolver-binding-linux-arm-gnueabihf@1.12.2
204 silly packumentCache full:https://registry.npmjs.org/@unrs%2fresolver-binding-linux-arm-gnueabihf cache-miss
205 http fetch GET 200 https://registry.npmjs.org/@unrs%2fresolver-binding-linux-arm-gnueabihf 821ms (cache miss)
206 silly packumentCache full:https://registry.npmjs.org/@unrs%2fresolver-binding-linux-arm-gnueabihf set size:undefined disposed:false
207 silly fetch manifest @unrs/resolver-binding-linux-arm-musleabihf@1.12.2
208 silly packumentCache full:https://registry.npmjs.org/@unrs%2fresolver-binding-linux-arm-musleabihf cache-miss
209 http fetch GET 200 https://registry.npmjs.org/@unrs%2fresolver-binding-linux-arm-musleabihf 880ms (cache miss)
210 silly packumentCache full:https://registry.npmjs.org/@unrs%2fresolver-binding-linux-arm-musleabihf set size:undefined disposed:false
211 silly fetch manifest @unrs/resolver-binding-win32-ia32-msvc@1.12.2
212 silly packumentCache full:https://registry.npmjs.org/@unrs%2fresolver-binding-win32-ia32-msvc cache-miss
213 http fetch GET 200 https://registry.npmjs.org/@unrs%2fresolver-binding-win32-ia32-msvc 820ms (cache miss)
214 silly packumentCache full:https://registry.npmjs.org/@unrs%2fresolver-binding-win32-ia32-msvc set size:undefined disposed:false
215 silly fetch manifest @unrs/resolver-binding-linux-loong64-gnu@1.12.2
216 silly packumentCache full:https://registry.npmjs.org/@unrs%2fresolver-binding-linux-loong64-gnu cache-miss
217 http fetch GET 200 https://registry.npmjs.org/@unrs%2fresolver-binding-linux-loong64-gnu 565ms (cache miss)
218 silly packumentCache full:https://registry.npmjs.org/@unrs%2fresolver-binding-linux-loong64-gnu set size:undefined disposed:false
219 silly fetch manifest @unrs/resolver-binding-linux-loong64-musl@1.12.2
220 silly packumentCache full:https://registry.npmjs.org/@unrs%2fresolver-binding-linux-loong64-musl cache-miss
221 http fetch GET 200 https://registry.npmjs.org/@unrs%2fresolver-binding-linux-loong64-musl 701ms (cache miss)
222 silly packumentCache full:https://registry.npmjs.org/@unrs%2fresolver-binding-linux-loong64-musl set size:undefined disposed:false
223 silly fetch manifest @unrs/resolver-binding-linux-ppc64-gnu@1.12.2
224 silly packumentCache full:https://registry.npmjs.org/@unrs%2fresolver-binding-linux-ppc64-gnu cache-miss
225 http fetch GET 200 https://registry.npmjs.org/@unrs%2fresolver-binding-linux-ppc64-gnu 374ms (cache miss)
226 silly packumentCache full:https://registry.npmjs.org/@unrs%2fresolver-binding-linux-ppc64-gnu set size:undefined disposed:false
227 silly fetch manifest @unrs/resolver-binding-linux-riscv64-gnu@1.12.2
228 silly packumentCache full:https://registry.npmjs.org/@unrs%2fresolver-binding-linux-riscv64-gnu cache-miss
229 http fetch GET 200 https://registry.npmjs.org/@unrs%2fresolver-binding-linux-riscv64-gnu 1010ms (cache miss)
230 silly packumentCache full:https://registry.npmjs.org/@unrs%2fresolver-binding-linux-riscv64-gnu set size:undefined disposed:false
231 silly fetch manifest @unrs/resolver-binding-linux-riscv64-musl@1.12.2
232 silly packumentCache full:https://registry.npmjs.org/@unrs%2fresolver-binding-linux-riscv64-musl cache-miss
233 http fetch GET 200 https://registry.npmjs.org/@unrs%2fresolver-binding-linux-riscv64-musl 394ms (cache miss)
234 silly packumentCache full:https://registry.npmjs.org/@unrs%2fresolver-binding-linux-riscv64-musl set size:undefined disposed:false
235 silly fetch manifest @unrs/resolver-binding-linux-s390x-gnu@1.12.2
236 silly packumentCache full:https://registry.npmjs.org/@unrs%2fresolver-binding-linux-s390x-gnu cache-miss
237 http fetch GET 200 https://registry.npmjs.org/@unrs%2fresolver-binding-linux-s390x-gnu 936ms (cache miss)
238 silly packumentCache full:https://registry.npmjs.org/@unrs%2fresolver-binding-linux-s390x-gnu set size:undefined disposed:false
239 silly fetch manifest @unrs/resolver-binding-wasm32-wasi@1.12.2
240 silly packumentCache full:https://registry.npmjs.org/@unrs%2fresolver-binding-wasm32-wasi cache-miss
241 http fetch GET 200 https://registry.npmjs.org/@unrs%2fresolver-binding-wasm32-wasi 1005ms (cache miss)
242 silly packumentCache full:https://registry.npmjs.org/@unrs%2fresolver-binding-wasm32-wasi set size:undefined disposed:false
243 silly fetch manifest @unrs/resolver-binding-darwin-x64@1.12.2
244 silly packumentCache full:https://registry.npmjs.org/@unrs%2fresolver-binding-darwin-x64 cache-miss
245 http fetch GET 200 https://registry.npmjs.org/@unrs%2fresolver-binding-darwin-x64 754ms (cache miss)
246 silly packumentCache full:https://registry.npmjs.org/@unrs%2fresolver-binding-darwin-x64 set size:undefined disposed:false
247 silly fetch manifest @unrs/resolver-binding-freebsd-x64@1.12.2
248 silly packumentCache full:https://registry.npmjs.org/@unrs%2fresolver-binding-freebsd-x64 cache-miss
249 http fetch GET 200 https://registry.npmjs.org/@unrs%2fresolver-binding-freebsd-x64 691ms (cache miss)
250 silly packumentCache full:https://registry.npmjs.org/@unrs%2fresolver-binding-freebsd-x64 set size:undefined disposed:false
251 silly fetch manifest @unrs/resolver-binding-linux-x64-gnu@1.12.2
252 silly packumentCache full:https://registry.npmjs.org/@unrs%2fresolver-binding-linux-x64-gnu cache-miss
253 http fetch GET 200 https://registry.npmjs.org/@unrs%2fresolver-binding-linux-x64-gnu 599ms (cache miss)
254 silly packumentCache full:https://registry.npmjs.org/@unrs%2fresolver-binding-linux-x64-gnu set size:undefined disposed:false
255 silly fetch manifest @unrs/resolver-binding-linux-x64-musl@1.12.2
256 silly packumentCache full:https://registry.npmjs.org/@unrs%2fresolver-binding-linux-x64-musl cache-miss
257 http fetch GET 200 https://registry.npmjs.org/@unrs%2fresolver-binding-linux-x64-musl 923ms (cache miss)
258 silly packumentCache full:https://registry.npmjs.org/@unrs%2fresolver-binding-linux-x64-musl set size:undefined disposed:false
259 silly placeDep ROOT @unrs/resolver-binding-android-arm-eabi@1.12.2 OK for: unrs-resolver@1.12.2 want: 1.12.2
260 silly placeDep ROOT @unrs/resolver-binding-android-arm64@1.12.2 OK for: unrs-resolver@1.12.2 want: 1.12.2
261 silly placeDep ROOT @unrs/resolver-binding-darwin-arm64@1.12.2 OK for: unrs-resolver@1.12.2 want: 1.12.2
262 silly placeDep ROOT @unrs/resolver-binding-darwin-x64@1.12.2 OK for: unrs-resolver@1.12.2 want: 1.12.2
263 silly placeDep ROOT @unrs/resolver-binding-freebsd-x64@1.12.2 OK for: unrs-resolver@1.12.2 want: 1.12.2
264 silly placeDep ROOT @unrs/resolver-binding-linux-arm-gnueabihf@1.12.2 OK for: unrs-resolver@1.12.2 want: 1.12.2
265 silly placeDep ROOT @unrs/resolver-binding-linux-arm-musleabihf@1.12.2 OK for: unrs-resolver@1.12.2 want: 1.12.2
266 silly placeDep ROOT @unrs/resolver-binding-linux-arm64-gnu@1.12.2 OK for: unrs-resolver@1.12.2 want: 1.12.2
267 silly placeDep ROOT @unrs/resolver-binding-linux-arm64-musl@1.12.2 OK for: unrs-resolver@1.12.2 want: 1.12.2
268 silly placeDep ROOT @unrs/resolver-binding-linux-loong64-gnu@1.12.2 OK for: unrs-resolver@1.12.2 want: 1.12.2
269 silly placeDep ROOT @unrs/resolver-binding-linux-loong64-musl@1.12.2 OK for: unrs-resolver@1.12.2 want: 1.12.2
270 silly placeDep ROOT @unrs/resolver-binding-linux-ppc64-gnu@1.12.2 OK for: unrs-resolver@1.12.2 want: 1.12.2
271 silly placeDep ROOT @unrs/resolver-binding-linux-riscv64-gnu@1.12.2 OK for: unrs-resolver@1.12.2 want: 1.12.2
272 silly placeDep ROOT @unrs/resolver-binding-linux-riscv64-musl@1.12.2 OK for: unrs-resolver@1.12.2 want: 1.12.2
273 silly placeDep ROOT @unrs/resolver-binding-linux-s390x-gnu@1.12.2 OK for: unrs-resolver@1.12.2 want: 1.12.2
274 silly placeDep ROOT @unrs/resolver-binding-linux-x64-gnu@1.12.2 OK for: unrs-resolver@1.12.2 want: 1.12.2
275 silly placeDep ROOT @unrs/resolver-binding-linux-x64-musl@1.12.2 OK for: unrs-resolver@1.12.2 want: 1.12.2
276 silly placeDep ROOT @unrs/resolver-binding-openharmony-arm64@1.12.2 OK for: unrs-resolver@1.12.2 want: 1.12.2
277 silly placeDep ROOT @unrs/resolver-binding-wasm32-wasi@1.12.2 OK for: unrs-resolver@1.12.2 want: 1.12.2
278 silly placeDep ROOT @unrs/resolver-binding-win32-arm64-msvc@1.12.2 OK for: unrs-resolver@1.12.2 want: 1.12.2
279 silly placeDep ROOT @unrs/resolver-binding-win32-ia32-msvc@1.12.2 OK for: unrs-resolver@1.12.2 want: 1.12.2
280 silly fetch manifest @napi-rs/wasm-runtime@^1.1.4
281 silly packumentCache full:https://registry.npmjs.org/@napi-rs%2fwasm-runtime cache-miss
282 silly fetch manifest @emnapi/core@1.10.0
283 silly packumentCache full:https://registry.npmjs.org/@emnapi%2fcore cache-miss
284 silly fetch manifest @emnapi/runtime@1.10.0
285 silly packumentCache full:https://registry.npmjs.org/@emnapi%2fruntime cache-miss
286 http fetch GET 200 https://registry.npmjs.org/@emnapi%2fcore 157ms (cache miss)
287 silly packumentCache full:https://registry.npmjs.org/@emnapi%2fcore set size:undefined disposed:false
288 http fetch GET 200 https://registry.npmjs.org/@napi-rs%2fwasm-runtime 329ms (cache miss)
289 silly packumentCache full:https://registry.npmjs.org/@napi-rs%2fwasm-runtime set size:undefined disposed:false
290 http fetch GET 200 https://registry.npmjs.org/@emnapi%2fruntime 458ms (cache miss)
291 silly packumentCache full:https://registry.npmjs.org/@emnapi%2fruntime set size:undefined disposed:false
292 silly placeDep ROOT @emnapi/core@1.10.0 OK for: @unrs/resolver-binding-wasm32-wasi@1.12.2 want: 1.10.0
293 silly placeDep node_modules/@unrs/resolver-binding-wasm32-wasi @emnapi/runtime@1.10.0 OK for: @unrs/resolver-binding-wasm32-wasi@1.12.2 want: 1.10.0
294 silly placeDep ROOT @napi-rs/wasm-runtime@1.2.3 OK for: @unrs/resolver-binding-wasm32-wasi@1.12.2 want: ^1.1.4
295 silly fetch manifest @emnapi/wasi-threads@1.2.1
296 silly packumentCache full:https://registry.npmjs.org/@emnapi%2fwasi-threads cache-miss
297 silly fetch manifest @tybys/wasm-util@^0.10.3
298 silly packumentCache full:https://registry.npmjs.org/@tybys%2fwasm-util cache-miss
299 http fetch GET 200 https://registry.npmjs.org/@emnapi%2fwasi-threads 375ms (cache miss)
300 silly packumentCache full:https://registry.npmjs.org/@emnapi%2fwasi-threads set size:undefined disposed:false
301 http fetch GET 200 https://registry.npmjs.org/@tybys%2fwasm-util 620ms (cache miss)
302 silly packumentCache full:https://registry.npmjs.org/@tybys%2fwasm-util set size:undefined disposed:false
303 silly placeDep ROOT @emnapi/wasi-threads@1.2.1 OK for: @emnapi/core@1.10.0 want: 1.2.1
304 silly placeDep ROOT @tybys/wasm-util@0.10.3 OK for: @napi-rs/wasm-runtime@1.2.3 want: ^0.10.3
305 silly reify moves {}
306 silly audit bulk request {
306 silly audit   acorn: [ '8.18.0' ],
306 silly audit   ajv: [ '6.15.0' ],
306 silly audit   'ansi-styles': [ '4.3.0' ],
306 silly audit   'acorn-jsx': [ '5.3.2' ],
306 silly audit   'any-promise': [ '1.3.0' ],
306 silly audit   anymatch: [ '3.1.3' ],
306 silly audit   arg: [ '5.0.2' ],
306 silly audit   'aria-query': [ '5.3.2' ],
306 silly audit   argparse: [ '2.0.1' ],
306 silly audit   'array-includes': [ '3.1.9' ],
306 silly audit   'array-buffer-byte-length': [ '1.0.2' ],
306 silly audit   'array.prototype.findlast': [ '1.2.5' ],
306 silly audit   'array.prototype.findlastindex': [ '1.2.6' ],
306 silly audit   'array.prototype.tosorted': [ '1.1.4' ],
306 silly audit   'arraybuffer.prototype.slice': [ '1.0.4' ],
306 silly audit   'async-function': [ '1.0.0' ],
306 silly audit   autoprefixer: [ '10.5.4' ],
306 silly audit   'array.prototype.flat': [ '1.3.3' ],
306 silly audit   'array.prototype.flatmap': [ '1.3.3' ],
306 silly audit   'available-typed-arrays': [ '1.0.7' ],
306 silly audit   'axobject-query': [ '4.1.0' ],
306 silly audit   'axe-core': [ '4.13.0' ],
306 silly audit   'balanced-match': [ '1.0.2', '4.0.4' ],
306 silly audit   'ast-types-flow': [ '0.0.8' ],
306 silly audit   'baseline-browser-mapping': [ '2.11.20' ],
306 silly audit   'brace-expansion': [ '1.1.18', '5.0.9' ],
306 silly audit   'binary-extensions': [ '2.3.0' ],
306 silly audit   braces: [ '3.0.3' ],
306 silly audit   browserslist: [ '4.28.8' ],
306 silly audit   'call-bound': [ '1.0.4' ],
306 silly audit   'call-bind': [ '1.0.9' ],
306 silly audit   callsites: [ '3.1.0' ],
306 silly audit   'camelcase-css': [ '2.0.1' ],
306 silly audit   'client-only': [ '0.0.1' ],
306 silly audit   chalk: [ '4.1.2' ],
306 silly audit   'caniuse-lite': [ '1.0.30001810' ],
306 silly audit   'call-bind-apply-helpers': [ '1.0.2' ],
306 silly audit   'color-convert': [ '2.0.1' ],
306 silly audit   commander: [ '4.1.1' ],
306 silly audit   'color-name': [ '1.1.4' ],
306 silly audit   chokidar: [ '3.6.0' ],
306 silly audit   'glob-parent': [ '5.1.2', '6.0.2' ],
306 silly audit   'concat-map': [ '0.0.1' ],
306 silly audit   cssesc: [ '3.0.0' ],
306 silly audit   'cross-spawn': [ '7.0.6' ],
306 silly audit   'data-view-buffer': [ '1.0.2' ],
306 silly audit   csstype: [ '3.2.3' ],
306 silly audit   'data-view-byte-length': [ '1.0.2' ],
306 silly audit   'data-view-byte-offset': [ '1.0.1' ],
306 silly audit   'damerau-levenshtein': [ '1.0.8' ],
306 silly audit   'define-properties': [ '1.2.1' ],
306 silly audit   debug: [ '4.4.3', '3.2.7' ],
306 silly audit   'deep-is': [ '0.1.4' ],
306 silly audit   'define-data-property': [ '1.1.4' ],
306 silly audit   'detect-libc': [ '2.1.2' ],
306 silly audit   didyoumean: [ '1.2.2' ],
306 silly audit   dlv: [ '1.1.3' ],
306 silly audit   'dunder-proto': [ '1.0.1' ],
306 silly audit   'electron-to-chromium': [ '1.5.416' ],
306 silly audit   'emoji-regex': [ '9.2.2' ],
306 silly audit   'es-abstract': [ '1.24.2' ],
306 silly audit   doctrine: [ '2.1.0' ],
306 silly audit   'es-abstract-get': [ '1.0.0' ],
306 silly audit   'es-define-property': [ '1.0.1' ],
306 silly audit   'es-errors': [ '1.3.0' ],
306 silly audit   'es-iterator-helpers': [ '1.4.0' ],
306 silly audit   'es-object-atoms': [ '1.1.2' ],
306 silly audit   'es-set-tostringtag': [ '2.1.0' ],
306 silly audit   'es-shim-unscopables': [ '1.1.0' ],
306 silly audit   'es-to-primitive': [ '1.3.4' ],
306 silly audit   escalade: [ '3.2.0' ],
306 silly audit   eslint: [ '9.39.5' ],
306 silly audit   'eslint-config-next': [ '15.5.24' ],
306 silly audit   'escape-string-regexp': [ '4.0.0' ],
306 silly audit   'eslint-import-resolver-node': [ '0.3.10' ],
306 silly audit   'eslint-import-resolver-typescript': [ '3.10.1' ],
306 silly audit   'eslint-module-utils': [ '2.14.0' ],
306 silly audit   'eslint-plugin-import': [ '2.32.0' ],
306 silly audit   semver: [ '6.3.1', '7.8.5' ],
306 silly audit   'eslint-plugin-jsx-a11y': [ '6.10.2' ],
306 silly audit   'eslint-plugin-react': [ '7.37.5' ],
306 silly audit   'eslint-scope': [ '8.4.0' ],
306 silly audit   'eslint-visitor-keys': [ '4.2.1', '3.4.3', '5.0.1' ],
306 silly audit   espree: [ '10.4.0' ],
306 silly audit   esquery: [ '1.7.0' ],
306 silly audit   esrecurse: [ '4.3.0' ],
306 silly audit   estraverse: [ '5.3.0' ],
306 silly audit   'fast-deep-equal': [ '3.1.3' ],
306 silly audit   esutils: [ '2.0.3' ],
306 silly audit   'eslint-plugin-react-hooks': [ '5.2.0' ],
306 silly audit   'fast-glob': [ '3.3.1', '3.3.3' ],
306 silly audit   'fast-json-stable-stringify': [ '2.1.0' ],
306 silly audit   fastq: [ '1.20.3' ],
306 silly audit   'file-entry-cache': [ '8.0.0' ],
306 silly audit   'fill-range': [ '7.1.1' ],
306 silly audit   'fast-levenshtein': [ '2.0.6' ],
306 silly audit   'for-each': [ '0.3.5' ],
306 silly audit   'flat-cache': [ '4.0.1' ],
306 silly audit   'find-up': [ '5.0.0' ],
306 silly audit   'framer-motion': [ '12.43.0' ],
306 silly audit   'function-bind': [ '1.1.2' ],
306 silly audit   'functions-have-names': [ '1.2.3' ],
306 silly audit   'function.prototype.name': [ '1.2.0' ],
306 silly audit   'fraction.js': [ '5.3.4' ],
306 silly audit   flatted: [ '3.4.4' ],
306 silly audit   'generator-function': [ '2.0.1' ],
306 silly audit   'get-intrinsic': [ '1.3.0' ],
306 silly audit   'get-tsconfig': [ '4.14.3' ],
306 silly audit   'get-proto': [ '1.0.1' ],
306 silly audit   'get-symbol-description': [ '1.1.0' ],
306 silly audit   globalthis: [ '1.0.4' ],
306 silly audit   globals: [ '14.0.0' ],
306 silly audit   gopd: [ '1.2.0' ],
306 silly audit   'has-bigints': [ '1.1.0' ],
306 silly audit   'has-flag': [ '4.0.0' ],
306 silly audit   'has-property-descriptors': [ '1.0.2' ],
306 silly audit   'has-symbols': [ '1.1.0' ],
306 silly audit   'has-tostringtag': [ '1.0.2' ],
306 silly audit   'has-proto': [ '1.2.0' ],
306 silly audit   ignore: [ '5.3.2', '7.0.6' ],
306 silly audit   'import-fresh': [ '3.3.1' ],
306 silly audit   hasown: [ '2.0.4' ],
306 silly audit   'internal-slot': [ '1.1.0' ],
306 silly audit   imurmurhash: [ '0.1.4' ],
306 silly audit   'is-array-buffer': [ '3.0.5' ],
306 silly audit   'is-async-function': [ '2.1.1' ],
306 silly audit   'is-bigint': [ '1.1.0' ],
306 silly audit   'is-binary-path': [ '2.1.0' ],
306 silly audit   'is-bun-module': [ '2.0.0' ],
306 silly audit   'is-boolean-object': [ '1.2.2' ],
306 silly audit   'is-data-view': [ '1.0.2' ],
306 silly audit   'is-core-module': [ '2.16.2' ],
306 silly audit   'is-date-object': [ '1.1.0' ],
306 silly audit   'is-extglob': [ '2.1.1' ],
306 silly audit   'is-document.all': [ '1.0.0' ],
306 silly audit   'is-callable': [ '1.2.7' ],
306 silly audit   'is-generator-function': [ '1.1.2' ],
306 silly audit   'is-glob': [ '4.0.3' ],
306 silly audit   'is-map': [ '2.0.3' ],
306 silly audit   'is-negative-zero': [ '2.0.3' ],
306 silly audit   'is-number-object': [ '1.1.1' ],
306 silly audit   'is-regex': [ '1.2.1' ],
306 silly audit   'is-set': [ '2.0.3' ],
306 silly audit   'is-number': [ '7.0.0' ],
306 silly audit   'is-string': [ '1.1.1' ],
306 silly audit   'is-shared-array-buffer': [ '1.0.4' ],
306 silly audit   'is-weakmap': [ '2.0.2' ],
306 silly audit   'is-weakref': [ '1.1.1' ],
306 silly audit   'is-finalizationregistry': [ '1.1.1' ],
306 silly audit   isarray: [ '2.0.5' ],
306 silly audit   'is-weakset': [ '2.0.4' ],
306 silly audit   'is-typed-array': [ '1.1.15' ],
306 silly audit   isexe: [ '2.0.0' ],
306 silly audit   jiti: [ '1.21.7' ],
306 silly audit   'js-yaml': [ '4.3.2' ],
306 silly audit   'json-buffer': [ '3.0.1' ],
306 silly audit   'is-symbol': [ '1.1.1' ],
306 silly audit   'json-schema-traverse': [ '0.4.1' ],
306 silly audit   'iterator.prototype': [ '1.1.5' ],
306 silly audit   'js-tokens': [ '4.0.0' ],
306 silly audit   'jsx-ast-utils': [ '3.3.5' ],
306 silly audit   'json-stable-stringify-without-jsonify': [ '1.0.1' ],
306 silly audit   keyv: [ '4.5.4' ],
306 silly audit   'language-subtag-registry': [ '0.3.23' ],
306 silly audit   'language-tags': [ '1.0.9' ],
306 silly audit   levn: [ '0.4.1' ],
306 silly audit   'locate-path': [ '6.0.0' ],
306 silly audit   'lodash.merge': [ '4.6.2' ],
306 silly audit   'loose-envify': [ '1.4.0' ],
306 silly audit   'lines-and-columns': [ '1.2.4' ],
306 silly audit   json5: [ '1.0.2' ],
306 silly audit   'math-intrinsics': [ '1.1.0' ],
306 silly audit   'lucide-react': [ '0.468.0' ],
306 silly audit   micromatch: [ '4.0.8' ],
306 silly audit   merge2: [ '1.4.1' ],
306 silly audit   minimatch: [ '3.1.5', '10.2.6' ],
306 silly audit   'motion-dom': [ '12.43.0' ],
306 silly audit   minimist: [ '1.2.8' ],
306 silly audit   lilconfig: [ '3.1.3' ],
306 silly audit   ms: [ '2.1.3' ],
306 silly audit   'motion-utils': [ '12.39.0' ],
306 silly audit   mz: [ '2.7.0' ],
306 silly audit   'napi-postinstall': [ '0.3.4' ],
306 silly audit   'node-exports-info': [ '1.6.2' ],
306 silly audit   'natural-compare': [ '1.4.0' ],
306 silly audit   next: [ '15.5.24' ],
306 silly audit   postcss: [ '8.4.31', '8.5.26' ],
306 silly audit   'node-releases': [ '2.0.54' ],
306 silly audit   'object-assign': [ '4.1.1' ],
306 silly audit   'normalize-path': [ '3.0.0' ],
306 silly audit   'object-hash': [ '3.0.0' ],
306 silly audit   'object-keys': [ '1.1.1' ],
306 silly audit   'object-inspect': [ '1.13.4' ],
306 silly audit   'object.assign': [ '4.1.7' ],
306 silly audit   'object.entries': [ '1.1.9' ],
306 silly audit   nanoid: [ '3.3.18' ],
306 silly audit   'object.values': [ '1.2.1' ],
306 silly audit   'object.groupby': [ '1.0.3' ],
306 silly audit   optionator: [ '0.9.4' ],
306 silly audit   'own-keys': [ '1.0.2' ],
306 silly audit   'p-limit': [ '3.1.0' ],
306 silly audit   'path-exists': [ '4.0.0' ],
306 silly audit   'parent-module': [ '1.0.1' ],
306 silly audit   'p-locate': [ '5.0.0' ],
306 silly audit   'path-parse': [ '1.0.7' ],
306 silly audit   'path-key': [ '3.1.1' ],
306 silly audit   pirates: [ '4.0.7' ],
306 silly audit   picocolors: [ '1.1.1' ],
306 silly audit   picomatch: [ '2.3.2', '4.0.7' ],
306 silly audit   'possible-typed-array-names': [ '1.1.0' ],
306 silly audit   'object.fromentries': [ '2.0.8' ],
306 silly audit   'postcss-import': [ '15.1.0' ],
306 silly audit   resolve: [ '1.22.12', '2.0.0-next.7' ],
306 silly audit   'postcss-js': [ '4.1.0' ],
306 silly audit   'postcss-selector-parser': [ '6.1.4' ],
306 silly audit   'postcss-nested': [ '6.2.0' ],
306 silly audit   'postcss-value-parser': [ '4.2.0' ],
306 silly audit   'prelude-ls': [ '1.2.1' ],
306 silly audit   'postcss-load-config': [ '6.0.1' ],
306 silly audit   'prop-types': [ '15.8.1' ],
306 silly audit   punycode: [ '2.3.1' ],
306 silly audit   'queue-microtask': [ '1.2.3' ],
306 silly audit   react: [ '19.2.8' ],
306 silly audit   'react-dom': [ '19.2.8' ],
306 silly audit   'read-cache': [ '1.0.2' ],
306 silly audit   'react-is': [ '16.13.1' ],
306 silly audit   'reflect.getprototypeof': [ '1.0.10' ],
306 silly audit   'regexp.prototype.flags': [ '1.5.4' ],
306 silly audit   readdirp: [ '3.6.0' ],
306 silly audit   'resolve-from': [ '4.0.0' ],
306 silly audit   reusify: [ '1.1.0' ],
306 silly audit   'run-parallel': [ '1.2.0' ],
306 silly audit   'safe-push-apply': [ '1.0.0' ],
306 silly audit   'safe-array-concat': [ '1.1.4' ],
306 silly audit   scheduler: [ '0.27.0' ],
306 silly audit   'safe-regex-test': [ '1.1.0' ],
306 silly audit   'resolve-pkg-maps': [ '1.0.0' ],
306 silly audit   'set-function-length': [ '1.2.2' ],
306 silly audit   'set-function-name': [ '2.0.2' ],
306 silly audit   'set-proto': [ '1.0.0' ],
306 silly audit   sharp: [ '0.35.4' ],
306 silly audit   'shebang-regex': [ '3.0.0' ],
306 silly audit   'shebang-command': [ '2.0.0' ],
306 silly audit   'side-channel-list': [ '1.0.1' ],
306 silly audit   'side-channel': [ '1.1.1' ],
306 silly audit   'side-channel-map': [ '1.0.1' ],
306 silly audit   'side-channel-weakmap': [ '1.0.2' ],
306 silly audit   'stable-hash': [ '0.0.5' ],
306 silly audit   'string.prototype.includes': [ '2.0.1' ],
306 silly audit   'stop-iteration-iterator': [ '1.1.0' ],
306 silly audit   'source-map-js': [ '1.2.1' ],
306 silly audit   'string.prototype.matchall': [ '4.1.0' ],
306 silly audit   'string.prototype.repeat': [ '1.0.0' ],
306 silly audit   'string.prototype.trim': [ '1.2.11' ],
306 silly audit   'string.prototype.trimstart': [ '1.0.8' ],
306 silly audit   'strip-bom': [ '3.0.0' ],
306 silly audit   'string.prototype.trimend': [ '1.0.10' ],
306 silly audit   'strip-json-comments': [ '3.1.1' ],
306 silly audit   'styled-jsx': [ '5.1.6' ],
306 silly audit   sucrase: [ '3.35.1' ],
306 silly audit   'supports-color': [ '7.2.0' ],
306 silly audit   'supports-preserve-symlinks-flag': [ '1.0.0' ],
306 silly audit   tailwindcss: [ '3.4.19' ],
306 silly audit   thenify: [ '3.3.1' ],
306 silly audit   'thenify-all': [ '1.6.0' ],
306 silly audit   tinyglobby: [ '0.2.17' ],
306 silly audit   fdir: [ '6.5.0' ],
306 silly audit   'ts-api-utils': [ '2.5.0' ],
306 silly audit   'ts-interface-checker': [ '0.1.13' ],
306 silly audit   'to-regex-range': [ '5.0.1' ],
306 silly audit   'tsconfig-paths': [ '3.15.0' ],
306 silly audit   tslib: [ '2.8.1' ],
306 silly audit   'type-check': [ '0.4.0' ],
306 silly audit   'typed-array-buffer': [ '1.0.3' ],
306 silly audit   'typed-array-byte-offset': [ '1.0.4' ],
306 silly audit   'typed-array-byte-length': [ '1.0.3' ],
306 silly audit   typescript: [ '5.9.3' ],
306 silly audit   'typed-array-length': [ '1.0.8' ],
306 silly audit   'unbox-primitive': [ '1.1.0' ],
306 silly audit   'unrs-resolver': [ '1.12.2' ],
306 silly audit   'update-browserslist-db': [ '1.3.2' ],
306 silly audit   'undici-types': [ '6.21.0' ],
306 silly audit   'uri-js': [ '4.4.1' ],
306 silly audit   which: [ '2.0.2' ],
306 silly audit   'which-boxed-primitive': [ '1.1.1' ],
306 silly audit   'util-deprecate': [ '1.0.2' ],
306 silly audit   'which-builtin-type': [ '1.2.1' ],
306 silly audit   'which-typed-array': [ '1.1.22' ],
306 silly audit   'word-wrap': [ '1.2.5' ],
306 silly audit   'which-collection': [ '1.0.2' ],
306 silly audit   zod: [ '3.25.76' ],
306 silly audit   'yocto-queue': [ '0.1.0' ],
306 silly audit   '@alloc/quick-lru': [ '5.2.0' ],
306 silly audit   '@eslint/js': [ '9.39.5' ],
306 silly audit   '@eslint/config-helpers': [ '0.4.2' ],
306 silly audit   '@eslint/config-array': [ '0.21.2' ],
306 silly audit   '@eslint/core': [ '0.17.0' ],
306 silly audit   '@eslint/eslintrc': [ '3.3.6' ],
306 silly audit   '@eslint/object-schema': [ '2.1.7' ],
306 silly audit   '@eslint/plugin-kit': [ '0.4.1' ],
306 silly audit   '@humanfs/core': [ '0.19.2' ],
306 silly audit   '@humanfs/node': [ '0.16.8' ],
306 silly audit   '@humanfs/types': [ '0.15.0' ],
306 silly audit   '@eslint-community/eslint-utils': [ '4.10.1' ],
306 silly audit   '@emnapi/runtime': [ '1.11.3', '1.10.0' ],
306 silly audit   '@eslint-community/regexpp': [ '4.12.2' ],
306 silly audit   '@humanwhocodes/module-importer': [ '1.0.1' ],
306 silly audit   '@img/colour': [ '1.1.0' ],
306 silly audit   '@humanwhocodes/retry': [ '0.4.3' ],
306 silly audit   '@img/sharp-wasm32': [ '0.35.4' ],
306 silly audit   '@jridgewell/gen-mapping': [ '0.3.13' ],
306 silly audit   '@img/sharp-win32-x64': [ '0.35.4' ],
306 silly audit   '@jridgewell/resolve-uri': [ '3.1.2' ],
306 silly audit   '@jridgewell/sourcemap-codec': [ '1.6.0' ],
306 silly audit   '@jridgewell/trace-mapping': [ '0.3.31' ],
306 silly audit   '@next/env': [ '15.5.24' ],
306 silly audit   '@next/eslint-plugin-next': [ '15.5.24' ],
306 silly audit   '@nodelib/fs.scandir': [ '2.1.5' ],
306 silly audit   '@nodelib/fs.stat': [ '2.0.5' ],
306 silly audit   '@next/swc-win32-x64-msvc': [ '15.5.24' ],
306 silly audit   '@nodelib/fs.walk': [ '1.2.8' ],
306 silly audit   '@nolyfill/is-core-module': [ '1.0.39' ],
306 silly audit   '@rtsao/scc': [ '1.1.0' ],
306 silly audit   '@types/estree': [ '1.0.9' ],
306 silly audit   '@rushstack/eslint-patch': [ '1.16.1' ],
306 silly audit   '@types/json-schema': [ '7.0.15' ],
306 silly audit   '@types/json5': [ '0.0.29' ],
306 silly audit   '@types/node': [ '22.20.1' ],
306 silly audit   '@types/react': [ '19.2.18' ],
306 silly audit   '@typescript-eslint/eslint-plugin': [ '8.68.0' ],
306 silly audit   '@types/react-dom': [ '19.2.5' ],
306 silly audit   '@typescript-eslint/project-service': [ '8.68.0' ],
306 silly audit   '@typescript-eslint/parser': [ '8.68.0' ],
306 silly audit   '@typescript-eslint/tsconfig-utils': [ '8.68.0' ],
306 silly audit   '@typescript-eslint/type-utils': [ '8.68.0' ],
306 silly audit   '@typescript-eslint/scope-manager': [ '8.68.0' ],
306 silly audit   '@typescript-eslint/types': [ '8.68.0' ],
306 silly audit   '@typescript-eslint/typescript-estree': [ '8.68.0' ],
306 silly audit   '@typescript-eslint/utils': [ '8.68.0' ],
306 silly audit   '@typescript-eslint/visitor-keys': [ '8.68.0' ],
306 silly audit   '@unrs/resolver-binding-win32-x64-msvc': [ '1.12.2' ],
306 silly audit   '@swc/helpers': [ '0.5.15' ],
306 silly audit   fsevents: [ '2.3.3' ],
306 silly audit   '@next/swc-darwin-arm64': [ '15.5.24' ],
306 silly audit   '@next/swc-darwin-x64': [ '15.5.24' ],
306 silly audit   '@next/swc-linux-arm64-gnu': [ '15.5.24' ],
306 silly audit   '@next/swc-linux-arm64-musl': [ '15.5.24' ],
306 silly audit   '@next/swc-linux-x64-gnu': [ '15.5.24' ],
306 silly audit   '@next/swc-linux-x64-musl': [ '15.5.24' ],
306 silly audit   '@next/swc-win32-arm64-msvc': [ '15.5.24' ],
306 silly audit   '@img/sharp-darwin-arm64': [ '0.35.4' ],
306 silly audit   '@img/sharp-darwin-x64': [ '0.35.4' ],
306 silly audit   '@img/sharp-freebsd-wasm32': [ '0.35.4' ],
306 silly audit   '@img/sharp-libvips-darwin-arm64': [ '1.3.3' ],
306 silly audit   '@img/sharp-libvips-darwin-x64': [ '1.3.3' ],
306 silly audit   '@img/sharp-libvips-linux-arm': [ '1.3.3' ],
306 silly audit   '@img/sharp-libvips-linux-arm64': [ '1.3.3' ],
306 silly audit   '@img/sharp-libvips-linux-ppc64': [ '1.3.3' ],
306 silly audit   '@img/sharp-libvips-linux-riscv64': [ '1.3.3' ],
306 silly audit   '@img/sharp-libvips-linux-s390x': [ '1.3.3' ],
306 silly audit   '@img/sharp-libvips-linux-x64': [ '1.3.3' ],
306 silly audit   '@img/sharp-libvips-linuxmusl-arm64': [ '1.3.3' ],
306 silly audit   '@img/sharp-libvips-linuxmusl-x64': [ '1.3.3' ],
306 silly audit   '@img/sharp-linux-arm': [ '0.35.4' ],
306 silly audit   '@img/sharp-linux-arm64': [ '0.35.4' ],
306 silly audit   '@img/sharp-linux-ppc64': [ '0.35.4' ],
306 silly audit   '@img/sharp-linux-riscv64': [ '0.35.4' ],
306 silly audit   '@img/sharp-linux-s390x': [ '0.35.4' ],
306 silly audit   '@img/sharp-linux-x64': [ '0.35.4' ],
306 silly audit   '@img/sharp-linuxmusl-arm64': [ '0.35.4' ],
306 silly audit   '@img/sharp-linuxmusl-x64': [ '0.35.4' ],
306 silly audit   '@img/sharp-webcontainers-wasm32': [ '0.35.4' ],
306 silly audit   '@img/sharp-win32-arm64': [ '0.35.4' ],
306 silly audit   '@img/sharp-win32-ia32': [ '0.35.4' ],
306 silly audit   '@unrs/resolver-binding-android-arm-eabi': [ '1.12.2' ],
306 silly audit   '@unrs/resolver-binding-android-arm64': [ '1.12.2' ],
306 silly audit   '@unrs/resolver-binding-darwin-arm64': [ '1.12.2' ],
306 silly audit   '@unrs/resolver-binding-darwin-x64': [ '1.12.2' ],
306 silly audit   '@unrs/resolver-binding-freebsd-x64': [ '1.12.2' ],
306 silly audit   '@unrs/resolver-binding-linux-arm-gnueabihf': [ '1.12.2' ],
306 silly audit   '@unrs/resolver-binding-linux-arm-musleabihf': [ '1.12.2' ],
306 silly audit   '@unrs/resolver-binding-linux-arm64-gnu': [ '1.12.2' ],
306 silly audit   '@unrs/resolver-binding-linux-arm64-musl': [ '1.12.2' ],
306 silly audit   '@unrs/resolver-binding-linux-loong64-gnu': [ '1.12.2' ],
306 silly audit   '@unrs/resolver-binding-linux-loong64-musl': [ '1.12.2' ],
306 silly audit   '@unrs/resolver-binding-linux-ppc64-gnu': [ '1.12.2' ],
306 silly audit   '@unrs/resolver-binding-linux-riscv64-gnu': [ '1.12.2' ],
306 silly audit   '@unrs/resolver-binding-linux-riscv64-musl': [ '1.12.2' ],
306 silly audit   '@unrs/resolver-binding-linux-s390x-gnu': [ '1.12.2' ],
306 silly audit   '@unrs/resolver-binding-linux-x64-gnu': [ '1.12.2' ],
306 silly audit   '@unrs/resolver-binding-linux-x64-musl': [ '1.12.2' ],
306 silly audit   '@unrs/resolver-binding-openharmony-arm64': [ '1.12.2' ],
306 silly audit   '@unrs/resolver-binding-wasm32-wasi': [ '1.12.2' ],
306 silly audit   '@unrs/resolver-binding-win32-arm64-msvc': [ '1.12.2' ],
306 silly audit   '@unrs/resolver-binding-win32-ia32-msvc': [ '1.12.2' ],
306 silly audit   '@emnapi/core': [ '1.10.0' ],
306 silly audit   '@napi-rs/wasm-runtime': [ '1.2.3' ],
306 silly audit   '@emnapi/wasi-threads': [ '1.2.1' ],
306 silly audit   '@tybys/wasm-util': [ '0.10.3' ]
306 silly audit }
307 http fetch POST 200 https://registry.npmjs.org/-/npm/v1/security/advisories/bulk 700ms
308 silly audit report {
308 silly audit report   postcss: [
308 silly audit report     {
308 silly audit report       id: 1130709,
308 silly audit report       url: 'https://github.com/advisories/GHSA-fxqj-rqcc-2cmp',
308 silly audit report       title: 'PostCSS: incomplete fix of GHSA-6g55-p6wh-862q — attacker-controlled sourceMappingURL reads arbitrary .map files when `from` is unset',
308 silly audit report       severity: 'moderate',
308 silly audit report       vulnerable_versions: '<=8.5.22',
308 silly audit report       cwe: [Array],
308 silly audit report       cvss: [Object]
308 silly audit report     },
308 silly audit report     {
308 silly audit report       id: 1117015,
308 silly audit report       url: 'https://github.com/advisories/GHSA-qx2v-qp2m-jg93',
308 silly audit report       title: 'PostCSS has XSS via Unescaped </style> in its CSS Stringify Output',
308 silly audit report       severity: 'moderate',
308 silly audit report       vulnerable_versions: '<8.5.10',
308 silly audit report       cwe: [Array],
308 silly audit report       cvss: [Object]
308 silly audit report     },
308 silly audit report     {
308 silly audit report       id: 1124252,
308 silly audit report       url: 'https://github.com/advisories/GHSA-6g55-p6wh-862q',
308 silly audit report       title: 'PostCSS: Arbitrary file read and information disclosure via attacker-controlled sourceMappingURL in CSS comments',
308 silly audit report       severity: 'high',
308 silly audit report       vulnerable_versions: '<=8.5.11',
308 silly audit report       cwe: [Array],
308 silly audit report       cvss: [Object]
308 silly audit report     },
308 silly audit report     {
308 silly audit report       id: 1139510,
308 silly audit report       url: 'https://github.com/advisories/GHSA-r28c-9q8g-f849',
308 silly audit report       title: 'PostCSS: Path Traversal in Previous Source Map Auto-Loading (sourceMappingURL) leads to Arbitrary .map File Disclosure',
308 silly audit report       severity: 'high',
308 silly audit report       vulnerable_versions: '<=8.5.17',
308 silly audit report       cwe: [Array],
308 silly audit report       cvss: [Object]
308 silly audit report     }
308 silly audit report   ]
308 silly audit report }
309 silly packumentCache corgi:https://registry.npmjs.org/postcss cache-miss
310 http fetch GET 200 https://registry.npmjs.org/postcss 133ms (cache miss)
311 silly packumentCache corgi:https://registry.npmjs.org/postcss set size:undefined disposed:false
312 silly packumentCache corgi:https://registry.npmjs.org/next cache-miss
313 http fetch GET 200 https://registry.npmjs.org/next 7269ms (cache miss)
314 silly packumentCache corgi:https://registry.npmjs.org/next set size:undefined disposed:false
315 verbose cwd D:\Website\ekosysSolar
316 verbose os Windows_NT 10.0.26200
317 verbose node v24.15.0
318 verbose npm  v11.12.1
319 notice
319 notice New major version of npm available! 11.12.1 -> 12.0.2
319 notice Changelog: https://github.com/npm/cli/releases/tag/v12.0.2
319 notice To update run: npm install -g npm@12.0.2
319 notice  { force: true, Symbol(proc-log.meta): true }
320 verbose exit 0
321 info ok
